#
# There is insufficient memory for the Java Runtime Environment to continue.
# Native memory allocation (malloc) failed to allocate 564016 bytes. Error detail: Chunk::new
# Possible reasons:
#   The system is out of physical RAM or swap space
#   This process is running with CompressedOops enabled, and the Java Heap may be blocking the growth of the native heap
# Possible solutions:
#   Reduce memory load on the system
#   Increase physical memory or swap space
#   Check if swap backing store is full
#   Decrease Java heap size (-Xmx/-Xms)
#   Decrease number of Java threads
#   Decrease Java thread stack sizes (-Xss)
#   Set larger code cache with -XX:ReservedCodeCacheSize=
#   JVM is running with Unscaled Compressed Oops mode in which the Java heap is
#     placed in the first 4GB address space. The Java Heap base address is the
#     maximum limit for the native heap growth. Please use -XX:HeapBaseMinAddress
#     to set the Java Heap base and to place the Java Heap above 4GB virtual address.
# This output file may be truncated or incomplete.
#
#  Out of Memory Error (arena.cpp:168), pid=2872, tid=17816
#
# JRE version: OpenJDK Runtime Environment Temurin-21.0.10+7 (21.0.10+7) (build 21.0.10+7-LTS)
# Java VM: OpenJDK 64-Bit Server VM Temurin-21.0.10+7 (21.0.10+7-LTS, mixed mode, sharing, tiered, compressed oops, compressed class ptrs, parallel gc, windows-amd64)
# No core dump will be written. Minidumps are not enabled by default on client versions of Windows
#

---------------  S U M M A R Y ------------

Command Line: --add-modules=ALL-SYSTEM --add-opens=java.base/java.util=ALL-UNNAMED --add-opens=java.base/java.lang=ALL-UNNAMED --add-opens=java.base/sun.nio.fs=ALL-UNNAMED -Declipse.application=org.eclipse.jdt.ls.core.id1 -Dosgi.bundles.defaultStartLevel=4 -Declipse.product=org.eclipse.jdt.ls.core.product -Djava.import.generatesMetadataFilesAtProjectRoot=false -DDetectVMInstallationsJob.disabled=true -Dfile.encoding=utf8 -XX:+UseParallelGC -XX:GCTimeRatio=4 -XX:AdaptiveSizePolicyWeight=90 -Dsun.zip.disableMemoryMapping=true -Xmx2G -Xms100m -Xlog:disable -javaagent:c:\Users\imax.computer\.vscode\extensions\redhat.java-1.53.0-win32-x64\lombok\lombok-1.18.39-4050.jar -XX:+HeapDumpOnOutOfMemoryError -XX:HeapDumpPath=c:\Users\imax.computer\AppData\Roaming\Code\User\workspaceStorage\d839875b6866bb6e4dafb985b2f5c557\redhat.java -Daether.dependencyCollector.impl=bf c:\Users\imax.computer\.vscode\extensions\redhat.java-1.53.0-win32-x64\server\plugins\org.eclipse.equinox.launcher_1.7.100.v20251111-0406.jar -configuration c:\Users\imax.computer\AppData\Roaming\Code\User\globalStorage\redhat.java\1.53.0\config_win -data c:\Users\imax.computer\AppData\Roaming\Code\User\workspaceStorage\d839875b6866bb6e4dafb985b2f5c557\redhat.java\jdt_ws --pipe=\\.\pipe\lsp-b76c1ad8dfce0141c1778d041cea650d-sock

Host: 11th Gen Intel(R) Core(TM) i5-1135G7 @ 2.40GHz, 8 cores, 7G,  Windows 11 , 64 bit Build 26100 (10.0.26100.7705)
Time: Thu Mar  5 10:33:33 2026 Sri Lanka Standard Time elapsed time: 14.854019 seconds (0d 0h 0m 14s)

---------------  T H R E A D  ---------------

Current thread (0x0000021121ff3f70):  JavaThread "C2 CompilerThread0" daemon [_thread_in_native, id=17816, stack(0x000000f9d6400000,0x000000f9d6500000) (1024K)]


Current CompileTask:
C2:14854 10694 % !   4       org.eclipse.jdt.internal.core.search.indexing.BinaryIndexer::indexDocument @ 563 (1172 bytes)

Stack: [0x000000f9d6400000,0x000000f9d6500000]
Native frames: (J=compiled Java code, j=interpreted, Vv=VM code, C=native code)
V  [jvm.dll+0x6d7a39]
V  [jvm.dll+0x8b4b26]
V  [jvm.dll+0x8b70de]
V  [jvm.dll+0x8b77c3]
V  [jvm.dll+0x284346]
V  [jvm.dll+0xc66ed]
V  [jvm.dll+0xc6c31]
V  [jvm.dll+0x2fb29e]
V  [jvm.dll+0x5fe884]
V  [jvm.dll+0x255b17]
V  [jvm.dll+0x24e12a]
V  [jvm.dll+0x24ba42]
V  [jvm.dll+0x1cb34e]
V  [jvm.dll+0x25b85d]
V  [jvm.dll+0x259dea]
V  [jvm.dll+0x3f857e]
V  [jvm.dll+0x85f59d]
V  [jvm.dll+0x6d626d]
C  [ucrtbase.dll+0x37b0]
C  [KERNEL32.DLL+0x2e8d7]
C  [ntdll.dll+0x8c40c]


---------------  P R O C E S S  ---------------

Threads class SMR info:
_java_thread_list=0x0000021105915be0, length=41, elements={
0x000002112205e380, 0x000002112211c940, 0x000002112211df10, 0x0000021121fd7b80,
0x0000021121fda480, 0x0000021121fdfe20, 0x0000021121fe48f0, 0x0000021121ff3f70,
0x0000021121ff4e70, 0x00000211041d5200, 0x00000211043426c0, 0x0000021104cad0c0,
0x0000021104ca4000, 0x0000021104cc0e50, 0x0000021104bd92a0, 0x0000021105234e80,
0x00000211052d8480, 0x000002110531a050, 0x0000021105637a30, 0x00000211056380c0,
0x0000021105638750, 0x0000021105638de0, 0x0000021105768420, 0x0000021105769e60,
0x0000021105767070, 0x000002110576ab80, 0x0000021105767700, 0x000002110576a4f0,
0x0000021105769140, 0x0000021105767d90, 0x0000021105768ab0, 0x000002110576b210,
0x000002110576b8a0, 0x000002110576bf30, 0x00000211057697d0, 0x000002110576c5c0,
0x000002110576cc50, 0x000002110576d970, 0x000002110576e690, 0x00000211057f5d80,
0x0000021110e0b460
}

Java Threads: ( => current thread )
  0x000002112205e380 JavaThread "main"                              [_thread_blocked, id=9940, stack(0x000000f9d5a00000,0x000000f9d5b00000) (1024K)]
  0x000002112211c940 JavaThread "Reference Handler"          daemon [_thread_blocked, id=8880, stack(0x000000f9d5e00000,0x000000f9d5f00000) (1024K)]
  0x000002112211df10 JavaThread "Finalizer"                  daemon [_thread_blocked, id=15972, stack(0x000000f9d5f00000,0x000000f9d6000000) (1024K)]
  0x0000021121fd7b80 JavaThread "Signal Dispatcher"          daemon [_thread_blocked, id=5152, stack(0x000000f9d6000000,0x000000f9d6100000) (1024K)]
  0x0000021121fda480 JavaThread "Attach Listener"            daemon [_thread_blocked, id=19968, stack(0x000000f9d6100000,0x000000f9d6200000) (1024K)]
  0x0000021121fdfe20 JavaThread "Service Thread"             daemon [_thread_blocked, id=19408, stack(0x000000f9d6200000,0x000000f9d6300000) (1024K)]
  0x0000021121fe48f0 JavaThread "Monitor Deflation Thread"   daemon [_thread_blocked, id=21000, stack(0x000000f9d6300000,0x000000f9d6400000) (1024K)]
=>0x0000021121ff3f70 JavaThread "C2 CompilerThread0"         daemon [_thread_in_native, id=17816, stack(0x000000f9d6400000,0x000000f9d6500000) (1024K)]
  0x0000021121ff4e70 JavaThread "C1 CompilerThread0"         daemon [_thread_blocked, id=8672, stack(0x000000f9d6500000,0x000000f9d6600000) (1024K)]
  0x00000211041d5200 JavaThread "Common-Cleaner"             daemon [_thread_blocked, id=19552, stack(0x000000f9d6600000,0x000000f9d6700000) (1024K)]
  0x00000211043426c0 JavaThread "Notification Thread"        daemon [_thread_blocked, id=14112, stack(0x000000f9d6800000,0x000000f9d6900000) (1024K)]
  0x0000021104cad0c0 JavaThread "Active Thread: Equinox Container: 5935d164-9129-4a54-9586-a6e971244734"        [_thread_blocked, id=16456, stack(0x000000f9d7000000,0x000000f9d7100000) (1024K)]
  0x0000021104ca4000 JavaThread "Refresh Thread: Equinox Container: 5935d164-9129-4a54-9586-a6e971244734" daemon [_thread_blocked, id=19396, stack(0x000000f9d7200000,0x000000f9d7300000) (1024K)]
  0x0000021104cc0e50 JavaThread "Framework Event Dispatcher: Equinox Container: 5935d164-9129-4a54-9586-a6e971244734" daemon [_thread_blocked, id=20112, stack(0x000000f9d7300000,0x000000f9d7400000) (1024K)]
  0x0000021104bd92a0 JavaThread "Start Level: Equinox Container: 5935d164-9129-4a54-9586-a6e971244734" daemon [_thread_blocked, id=8800, stack(0x000000f9d7400000,0x000000f9d7500000) (1024K)]
  0x0000021105234e80 JavaThread "Bundle File Closer"         daemon [_thread_blocked, id=6456, stack(0x000000f9d7500000,0x000000f9d7600000) (1024K)]
  0x00000211052d8480 JavaThread "SCR Component Actor"        daemon [_thread_blocked, id=22100, stack(0x000000f9d7600000,0x000000f9d7700000) (1024K)]
  0x000002110531a050 JavaThread "Worker-JM"                         [_thread_blocked, id=15784, stack(0x000000f9d7700000,0x000000f9d7800000) (1024K)]
  0x0000021105637a30 JavaThread "JNA Cleaner"                daemon [_thread_blocked, id=5340, stack(0x000000f9d6700000,0x000000f9d6800000) (1024K)]
  0x00000211056380c0 JavaThread "Worker-0"                          [_thread_blocked, id=2472, stack(0x000000f9d6900000,0x000000f9d6a00000) (1024K)]
  0x0000021105638750 JavaThread "Worker-1"                          [_thread_blocked, id=1456, stack(0x000000f9d7800000,0x000000f9d7900000) (1024K)]
  0x0000021105638de0 JavaThread "Worker-2: Check JDK Index"         [_thread_blocked, id=18316, stack(0x000000f9d7a00000,0x000000f9d7b00000) (1024K)]
  0x0000021105768420 JavaThread "Worker-3"                          [_thread_blocked, id=5584, stack(0x000000f9d7b00000,0x000000f9d7c00000) (1024K)]
  0x0000021105769e60 JavaThread "Java indexing"              daemon [_thread_blocked, id=21024, stack(0x000000f9d7c00000,0x000000f9d7d00000) (1024K)]
  0x0000021105767070 JavaThread "Thread-1"                   daemon [_thread_in_native, id=18716, stack(0x000000f9d8000000,0x000000f9d8100000) (1024K)]
  0x000002110576ab80 JavaThread "Thread-2"                   daemon [_thread_in_native, id=5532, stack(0x000000f9d8100000,0x000000f9d8200000) (1024K)]
  0x0000021105767700 JavaThread "Thread-3"                   daemon [_thread_in_native, id=19200, stack(0x000000f9d8200000,0x000000f9d8300000) (1024K)]
  0x000002110576a4f0 JavaThread "Thread-4"                   daemon [_thread_in_native, id=19476, stack(0x000000f9d8300000,0x000000f9d8400000) (1024K)]
  0x0000021105769140 JavaThread "Thread-5"                   daemon [_thread_in_native, id=18112, stack(0x000000f9d8400000,0x000000f9d8500000) (1024K)]
  0x0000021105767d90 JavaThread "Thread-6"                   daemon [_thread_in_native, id=12964, stack(0x000000f9d8500000,0x000000f9d8600000) (1024K)]
  0x0000021105768ab0 JavaThread "Thread-7"                   daemon [_thread_in_native, id=21824, stack(0x000000f9d8600000,0x000000f9d8700000) (1024K)]
  0x000002110576b210 JavaThread "Thread-8"                   daemon [_thread_in_native, id=9748, stack(0x000000f9d8700000,0x000000f9d8800000) (1024K)]
  0x000002110576b8a0 JavaThread "Thread-9"                   daemon [_thread_in_native, id=1128, stack(0x000000f9d8800000,0x000000f9d8900000) (1024K)]
  0x000002110576bf30 JavaThread "pool-2-thread-1"                   [_thread_blocked, id=10200, stack(0x000000f9d8900000,0x000000f9d8a00000) (1024K)]
  0x00000211057697d0 JavaThread "Worker-4: Java indexing... "        [_thread_blocked, id=10360, stack(0x000000f9d8a00000,0x000000f9d8b00000) (1024K)]
  0x000002110576c5c0 JavaThread "WorkspaceEventsHandler"            [_thread_blocked, id=13836, stack(0x000000f9d8b00000,0x000000f9d8c00000) (1024K)]
  0x000002110576cc50 JavaThread "pool-1-thread-1"                   [_thread_blocked, id=10400, stack(0x000000f9d8c00000,0x000000f9d8d00000) (1024K)]
  0x000002110576d970 JavaThread "Compiler Source File Reader" daemon [_thread_blocked, id=4840, stack(0x000000f9d8d00000,0x000000f9d8e00000) (1024K)]
  0x000002110576e690 JavaThread "Compiler Processing Task"   daemon [_thread_blocked, id=9248, stack(0x000000f9d8e00000,0x000000f9d8f00000) (1024K)]
  0x00000211057f5d80 JavaThread "Compiler Class File Writer" daemon [_thread_blocked, id=10616, stack(0x000000f9d8f00000,0x000000f9d9000000) (1024K)]
  0x0000021110e0b460 JavaThread "C2 CompilerThread1"         daemon [_thread_in_native, id=19804, stack(0x000000f9d7900000,0x000000f9d7a00000) (1024K)]
Total: 41

Other Threads:
  0x00000211220fe780 VMThread "VM Thread"                           [id=9268, stack(0x000000f9d5d00000,0x000000f9d5e00000) (1024K)] _threads_hazard_ptr=0x0000021105915be0
  0x00000211220c9ab0 WatcherThread "VM Periodic Task Thread"        [id=2264, stack(0x000000f9d5c00000,0x000000f9d5d00000) (1024K)]
  0x000002112207cad0 WorkerThread "GC Thread#0"                     [id=2148, stack(0x000000f9d5b00000,0x000000f9d5c00000) (1024K)]
  0x0000021104b8da00 WorkerThread "GC Thread#1"                     [id=11568, stack(0x000000f9d6a00000,0x000000f9d6b00000) (1024K)]
  0x00000211047c9e50 WorkerThread "GC Thread#2"                     [id=7324, stack(0x000000f9d6b00000,0x000000f9d6c00000) (1024K)]
  0x0000021104b8ddb0 WorkerThread "GC Thread#3"                     [id=10164, stack(0x000000f9d6c00000,0x000000f9d6d00000) (1024K)]
  0x00000211043d7900 WorkerThread "GC Thread#4"                     [id=9656, stack(0x000000f9d6d00000,0x000000f9d6e00000) (1024K)]
  0x00000211043d7ec0 WorkerThread "GC Thread#5"                     [id=3988, stack(0x000000f9d6e00000,0x000000f9d6f00000) (1024K)]
  0x00000211043d8270 WorkerThread "GC Thread#6"                     [id=12860, stack(0x000000f9d6f00000,0x000000f9d7000000) (1024K)]
  0x0000021104b580f0 WorkerThread "GC Thread#7"                     [id=10728, stack(0x000000f9d7100000,0x000000f9d7200000) (1024K)]
Total: 10

Threads with active compile tasks:
C2 CompilerThread0  16878 10694 % !   4       org.eclipse.jdt.internal.core.search.indexing.BinaryIndexer::indexDocument @ 563 (1172 bytes)
C1 CompilerThread0  16878 10708       1       org.eclipse.core.internal.jobs.InternalJob::setThread (6 bytes)
C2 CompilerThread1  16878 10698       4       org.eclipse.jdt.internal.core.search.indexing.BinaryIndexer::extractReferenceFromConstantPool (358 bytes)
Total: 3

VM state: synchronizing (normal execution)

VM Mutex/Monitor currently owned by a thread:  ([mutex/lock_event])
[0x00007ff8468be560] Threads_lock - owner thread: 0x00000211220fe780

Heap address: 0x0000000080000000, size: 2048 MB, Compressed Oops mode: 32-bit

CDS archive(s) mapped at: [0x0000021139000000-0x0000021139ba0000-0x0000021139ba0000), size 12189696, SharedBaseAddress: 0x0000021139000000, ArchiveRelocationMode: 1.
Compressed class space mapped at: 0x000002113a000000-0x000002117a000000, reserved size: 1073741824
Narrow klass base: 0x0000021139000000, Narrow klass shift: 0, Narrow klass range: 0x100000000

GC Precious Log:
 CardTable entry size: 512
 CPUs: 8 total, 8 available
 Memory: 7874M
 Large Page Support: Disabled
 NUMA Support: Disabled
 Compressed Oops: Enabled (32-bit)
 Alignments: Space 512K, Generation 512K, Heap 2M
 Heap Min Capacity: 100M
 Heap Initial Capacity: 100M
 Heap Max Capacity: 2G
 Pre-touch: Disabled
 Parallel Workers: 8

Heap:
 PSYoungGen      total 1536K, used 711K [0x00000000d5580000, 0x00000000d5880000, 0x0000000100000000)
  eden space 1024K, 22% used [0x00000000d5580000,0x00000000d55b9e58,0x00000000d5680000)
  from space 512K, 93% used [0x00000000d5780000,0x00000000d57f8000,0x00000000d5800000)
  to   space 1024K, 0% used [0x00000000d5680000,0x00000000d5680000,0x00000000d5780000)
 ParOldGen       total 395264K, used 394777K [0x0000000080000000, 0x0000000098200000, 0x00000000d5580000)
  object space 395264K, 99% used [0x0000000080000000,0x0000000098186438,0x0000000098200000)
 Metaspace       used 59201K, committed 60672K, reserved 1114112K
  class space    used 6405K, committed 7040K, reserved 1048576K

Card table byte_map: [0x0000021121a00000,0x0000021121e10000] _byte_map_base: 0x0000021121600000

Marking Bits: (ParMarkBitMap*) 0x00007ff8468c3450
 Begin Bits: [0x0000021134510000, 0x0000021136510000)
 End Bits:   [0x0000021136510000, 0x0000021138510000)

Polling page: 0x000002111fff0000

Metaspace:

Usage:
  Non-class:     51.56 MB used.
      Class:      6.26 MB used.
       Both:     57.81 MB used.

Virtual space:
  Non-class space:       64.00 MB reserved,      52.38 MB ( 82%) committed,  1 nodes.
      Class space:        1.00 GB reserved,       6.88 MB ( <1%) committed,  1 nodes.
             Both:        1.06 GB reserved,      59.25 MB (  5%) committed. 

Chunk freelists:
   Non-Class:  10.70 MB
       Class:  9.09 MB
        Both:  19.80 MB

MaxMetaspaceSize: unlimited
CompressedClassSpaceSize: 1.00 GB
Initial GC threshold: 21.00 MB
Current GC threshold: 97.31 MB
CDS: on
 - commit_granule_bytes: 65536.
 - commit_granule_words: 8192.
 - virtual_space_node_default_size: 8388608.
 - enlarge_chunks_in_place: 1.
 - use_allocation_guard: 0.


Internal statistics:

num_allocs_failed_limit: 9.
num_arena_births: 1164.
num_arena_deaths: 16.
num_vsnodes_births: 2.
num_vsnodes_deaths: 0.
num_space_committed: 948.
num_space_uncommitted: 0.
num_chunks_returned_to_freelist: 26.
num_chunks_taken_from_freelist: 4035.
num_chunk_merges: 15.
num_chunk_splits: 2429.
num_chunks_enlarged: 1304.
num_inconsistent_stats: 0.

CodeHeap 'non-profiled nmethods': size=120000Kb used=6332Kb max_used=6332Kb free=113667Kb
 bounds [0x000002112cd30000, 0x000002112d360000, 0x0000021134260000]
CodeHeap 'profiled nmethods': size=120000Kb used=19605Kb max_used=19605Kb free=100394Kb
 bounds [0x0000021125260000, 0x0000021126590000, 0x000002112c790000]
CodeHeap 'non-nmethods': size=5760Kb used=1436Kb max_used=1517Kb free=4323Kb
 bounds [0x000002112c790000, 0x000002112ca00000, 0x000002112cd30000]
CodeCache: size=245760Kb, used=27373Kb, max_used=27454Kb, free=218384Kb
 total_blobs=10687, nmethods=9949, adapters=643, full_count=0
Compilation: enabled, stopped_count=0, restarted_count=0

Compilation events (20 events):
Event: 11.754 Thread 0x0000021121ff3f70 nmethod 10674 0x000002112d35ab90 code [0x000002112d35adc0, 0x000002112d35b9c0]
Event: 11.755 Thread 0x0000021121ff3f70 10694 % !   4       org.eclipse.jdt.internal.core.search.indexing.BinaryIndexer::indexDocument @ 563 (1172 bytes)
Event: 11.764 Thread 0x0000021121ff4e70 10699   !   3       org.eclipse.jdt.internal.compiler.parser.Scanner::getNextChar (71 bytes)
Event: 11.765 Thread 0x0000021121ff4e70 nmethod 10699 0x000002112657ee90 code [0x000002112657f060, 0x000002112657f448]
Event: 11.786 Thread 0x0000021121ff4e70 10701       3       java.io.InputStream::readNBytes (292 bytes)
Event: 11.789 Thread 0x0000021121ff4e70 nmethod 10701 0x000002112657f610 code [0x000002112657fa60, 0x0000021126581db8]
Event: 11.789 Thread 0x0000021121ff4e70 10700       3       java.io.InputStream::readAllBytes (7 bytes)
Event: 11.789 Thread 0x0000021121ff4e70 nmethod 10700 0x0000021126582a10 code [0x0000021126582bc0, 0x0000021126582d98]
Event: 11.790 Thread 0x0000021121ff4e70 10702       2       org.eclipse.jdt.internal.core.search.indexing.AbstractIndexer::addTypeDeclaration (109 bytes)
Event: 11.791 Thread 0x0000021121ff4e70 nmethod 10702 0x0000021126582e10 code [0x0000021126583040, 0x0000021126583478]
Event: 11.794 Thread 0x0000021110e0b460 nmethod 10676 0x000002112d35c110 code [0x000002112d35c440, 0x000002112d35e188]
Event: 11.794 Thread 0x0000021110e0b460 10698       4       org.eclipse.jdt.internal.core.search.indexing.BinaryIndexer::extractReferenceFromConstantPool (358 bytes)
Event: 11.798 Thread 0x0000021121ff4e70 10703       2       org.eclipse.jdt.internal.core.search.indexing.AbstractIndexer::addConstructorDeclaration (97 bytes)
Event: 11.799 Thread 0x0000021121ff4e70 nmethod 10703 0x0000021126583810 code [0x0000021126583a20, 0x0000021126583e98]
Event: 12.520 Thread 0x0000021121ff4e70 10705       3       java.util.LinkedList::checkElementIndex (22 bytes)
Event: 12.824 Thread 0x0000021121ff4e70 nmethod 10705 0x0000021126584290 code [0x0000021126584500, 0x0000021126584de8]
Event: 12.824 Thread 0x0000021121ff4e70 10706       3       java.util.LinkedList::isElementIndex (18 bytes)
Event: 12.824 Thread 0x0000021121ff4e70 nmethod 10706 0x0000021126585190 code [0x0000021126585340, 0x00000211265854d0]
Event: 12.824 Thread 0x0000021121ff4e70 10707       3       java.util.LinkedList::get (14 bytes)
Event: 12.824 Thread 0x0000021121ff4e70 nmethod 10707 0x0000021126585590 code [0x0000021126585780, 0x0000021126585b80]

GC Heap History (20 events):
Event: 11.742 GC heap before
{Heap before GC invocations=286 (full 3):
 PSYoungGen      total 2048K, used 1591K [0x00000000d5580000, 0x00000000d5880000, 0x0000000100000000)
  eden space 1024K, 99% used [0x00000000d5580000,0x00000000d567df80,0x00000000d5680000)
  from space 1024K, 56% used [0x00000000d5780000,0x00000000d5810000,0x00000000d5880000)
  to   space 1024K, 0% used [0x00000000d5680000,0x00000000d5680000,0x00000000d5780000)
 ParOldGen       total 393216K, used 392961K [0x0000000080000000, 0x0000000098000000, 0x00000000d5580000)
  object space 393216K, 99% used [0x0000000080000000,0x0000000097fc0680,0x0000000098000000)
 Metaspace       used 59197K, committed 60672K, reserved 1114112K
  class space    used 6405K, committed 7040K, reserved 1048576K
}
Event: 11.745 GC heap after
{Heap after GC invocations=286 (full 3):
 PSYoungGen      total 2048K, used 256K [0x00000000d5580000, 0x00000000d5800000, 0x0000000100000000)
  eden space 1024K, 0% used [0x00000000d5580000,0x00000000d5580000,0x00000000d5680000)
  from space 1024K, 25% used [0x00000000d5680000,0x00000000d56c0000,0x00000000d5780000)
  to   space 512K, 0% used [0x00000000d5780000,0x00000000d5780000,0x00000000d5800000)
 ParOldGen       total 393728K, used 393457K [0x0000000080000000, 0x0000000098080000, 0x00000000d5580000)
  object space 393728K, 99% used [0x0000000080000000,0x000000009803c680,0x0000000098080000)
 Metaspace       used 59197K, committed 60672K, reserved 1114112K
  class space    used 6405K, committed 7040K, reserved 1048576K
}
Event: 11.752 GC heap before
{Heap before GC invocations=287 (full 3):
 PSYoungGen      total 2048K, used 1277K [0x00000000d5580000, 0x00000000d5800000, 0x0000000100000000)
  eden space 1024K, 99% used [0x00000000d5580000,0x00000000d567f500,0x00000000d5680000)
  from space 1024K, 25% used [0x00000000d5680000,0x00000000d56c0000,0x00000000d5780000)
  to   space 512K, 0% used [0x00000000d5780000,0x00000000d5780000,0x00000000d5800000)
 ParOldGen       total 393728K, used 393457K [0x0000000080000000, 0x0000000098080000, 0x00000000d5580000)
  object space 393728K, 99% used [0x0000000080000000,0x000000009803c680,0x0000000098080000)
 Metaspace       used 59197K, committed 60672K, reserved 1114112K
  class space    used 6405K, committed 7040K, reserved 1048576K
}
Event: 11.753 GC heap after
{Heap after GC invocations=287 (full 3):
 PSYoungGen      total 1536K, used 320K [0x00000000d5580000, 0x00000000d5800000, 0x0000000100000000)
  eden space 1024K, 0% used [0x00000000d5580000,0x00000000d5580000,0x00000000d5680000)
  from space 512K, 62% used [0x00000000d5780000,0x00000000d57d0000,0x00000000d5800000)
  to   space 512K, 0% used [0x00000000d5700000,0x00000000d5700000,0x00000000d5780000)
 ParOldGen       total 393728K, used 393624K [0x0000000080000000, 0x0000000098080000, 0x00000000d5580000)
  object space 393728K, 99% used [0x0000000080000000,0x0000000098066228,0x0000000098080000)
 Metaspace       used 59197K, committed 60672K, reserved 1114112K
  class space    used 6405K, committed 7040K, reserved 1048576K
}
Event: 11.760 GC heap before
{Heap before GC invocations=288 (full 3):
 PSYoungGen      total 1536K, used 1344K [0x00000000d5580000, 0x00000000d5800000, 0x0000000100000000)
  eden space 1024K, 100% used [0x00000000d5580000,0x00000000d5680000,0x00000000d5680000)
  from space 512K, 62% used [0x00000000d5780000,0x00000000d57d0000,0x00000000d5800000)
  to   space 512K, 0% used [0x00000000d5700000,0x00000000d5700000,0x00000000d5780000)
 ParOldGen       total 393728K, used 393624K [0x0000000080000000, 0x0000000098080000, 0x00000000d5580000)
  object space 393728K, 99% used [0x0000000080000000,0x0000000098066228,0x0000000098080000)
 Metaspace       used 59197K, committed 60672K, reserved 1114112K
  class space    used 6405K, committed 7040K, reserved 1048576K
}
Event: 11.762 GC heap after
{Heap after GC invocations=288 (full 3):
 PSYoungGen      total 1536K, used 256K [0x00000000d5580000, 0x00000000d5800000, 0x0000000100000000)
  eden space 1024K, 0% used [0x00000000d5580000,0x00000000d5580000,0x00000000d5680000)
  from space 512K, 50% used [0x00000000d5700000,0x00000000d5740000,0x00000000d5780000)
  to   space 512K, 0% used [0x00000000d5780000,0x00000000d5780000,0x00000000d5800000)
 ParOldGen       total 394240K, used 393790K [0x0000000080000000, 0x0000000098100000, 0x00000000d5580000)
  object space 394240K, 99% used [0x0000000080000000,0x000000009808f830,0x0000000098100000)
 Metaspace       used 59197K, committed 60672K, reserved 1114112K
  class space    used 6405K, committed 7040K, reserved 1048576K
}
Event: 11.769 GC heap before
{Heap before GC invocations=289 (full 3):
 PSYoungGen      total 1536K, used 1277K [0x00000000d5580000, 0x00000000d5800000, 0x0000000100000000)
  eden space 1024K, 99% used [0x00000000d5580000,0x00000000d567f5a8,0x00000000d5680000)
  from space 512K, 50% used [0x00000000d5700000,0x00000000d5740000,0x00000000d5780000)
  to   space 512K, 0% used [0x00000000d5780000,0x00000000d5780000,0x00000000d5800000)
 ParOldGen       total 394240K, used 393790K [0x0000000080000000, 0x0000000098100000, 0x00000000d5580000)
  object space 394240K, 99% used [0x0000000080000000,0x000000009808f830,0x0000000098100000)
 Metaspace       used 59197K, committed 60672K, reserved 1114112K
  class space    used 6405K, committed 7040K, reserved 1048576K
}
Event: 11.771 GC heap after
{Heap after GC invocations=289 (full 3):
 PSYoungGen      total 1536K, used 192K [0x00000000d5580000, 0x00000000d5800000, 0x0000000100000000)
  eden space 1024K, 0% used [0x00000000d5580000,0x00000000d5580000,0x00000000d5680000)
  from space 512K, 37% used [0x00000000d5780000,0x00000000d57b0000,0x00000000d5800000)
  to   space 512K, 0% used [0x00000000d5700000,0x00000000d5700000,0x00000000d5780000)
 ParOldGen       total 394240K, used 393934K [0x0000000080000000, 0x0000000098100000, 0x00000000d5580000)
  object space 394240K, 99% used [0x0000000080000000,0x00000000980b3830,0x0000000098100000)
 Metaspace       used 59197K, committed 60672K, reserved 1114112K
  class space    used 6405K, committed 7040K, reserved 1048576K
}
Event: 11.791 GC heap before
{Heap before GC invocations=290 (full 3):
 PSYoungGen      total 1536K, used 1216K [0x00000000d5580000, 0x00000000d5800000, 0x0000000100000000)
  eden space 1024K, 100% used [0x00000000d5580000,0x00000000d5680000,0x00000000d5680000)
  from space 512K, 37% used [0x00000000d5780000,0x00000000d57b0000,0x00000000d5800000)
  to   space 512K, 0% used [0x00000000d5700000,0x00000000d5700000,0x00000000d5780000)
 ParOldGen       total 394240K, used 393934K [0x0000000080000000, 0x0000000098100000, 0x00000000d5580000)
  object space 394240K, 99% used [0x0000000080000000,0x00000000980b3830,0x0000000098100000)
 Metaspace       used 59199K, committed 60672K, reserved 1114112K
  class space    used 6405K, committed 7040K, reserved 1048576K
}
Event: 11.792 GC heap after
{Heap after GC invocations=290 (full 3):
 PSYoungGen      total 1536K, used 288K [0x00000000d5580000, 0x00000000d5800000, 0x0000000100000000)
  eden space 1024K, 0% used [0x00000000d5580000,0x00000000d5580000,0x00000000d5680000)
  from space 512K, 56% used [0x00000000d5700000,0x00000000d5748000,0x00000000d5780000)
  to   space 512K, 0% used [0x00000000d5780000,0x00000000d5780000,0x00000000d5800000)
 ParOldGen       total 394240K, used 394062K [0x0000000080000000, 0x0000000098100000, 0x00000000d5580000)
  object space 394240K, 99% used [0x0000000080000000,0x00000000980d3830,0x0000000098100000)
 Metaspace       used 59199K, committed 60672K, reserved 1114112K
  class space    used 6405K, committed 7040K, reserved 1048576K
}
Event: 11.800 GC heap before
{Heap before GC invocations=291 (full 3):
 PSYoungGen      total 1536K, used 1312K [0x00000000d5580000, 0x00000000d5800000, 0x0000000100000000)
  eden space 1024K, 100% used [0x00000000d5580000,0x00000000d5680000,0x00000000d5680000)
  from space 512K, 56% used [0x00000000d5700000,0x00000000d5748000,0x00000000d5780000)
  to   space 512K, 0% used [0x00000000d5780000,0x00000000d5780000,0x00000000d5800000)
 ParOldGen       total 394240K, used 394062K [0x0000000080000000, 0x0000000098100000, 0x00000000d5580000)
  object space 394240K, 99% used [0x0000000080000000,0x00000000980d3830,0x0000000098100000)
 Metaspace       used 59199K, committed 60672K, reserved 1114112K
  class space    used 6405K, committed 7040K, reserved 1048576K
}
Event: 11.801 GC heap after
{Heap after GC invocations=291 (full 3):
 PSYoungGen      total 1536K, used 256K [0x00000000d5580000, 0x00000000d5800000, 0x0000000100000000)
  eden space 1024K, 0% used [0x00000000d5580000,0x00000000d5580000,0x00000000d5680000)
  from space 512K, 50% used [0x00000000d5780000,0x00000000d57c0000,0x00000000d5800000)
  to   space 512K, 0% used [0x00000000d5700000,0x00000000d5700000,0x00000000d5780000)
 ParOldGen       total 394752K, used 394249K [0x0000000080000000, 0x0000000098180000, 0x00000000d5580000)
  object space 394752K, 99% used [0x0000000080000000,0x0000000098102438,0x0000000098180000)
 Metaspace       used 59199K, committed 60672K, reserved 1114112K
  class space    used 6405K, committed 7040K, reserved 1048576K
}
Event: 11.807 GC heap before
{Heap before GC invocations=292 (full 3):
 PSYoungGen      total 1536K, used 1280K [0x00000000d5580000, 0x00000000d5800000, 0x0000000100000000)
  eden space 1024K, 100% used [0x00000000d5580000,0x00000000d5680000,0x00000000d5680000)
  from space 512K, 50% used [0x00000000d5780000,0x00000000d57c0000,0x00000000d5800000)
  to   space 512K, 0% used [0x00000000d5700000,0x00000000d5700000,0x00000000d5780000)
 ParOldGen       total 394752K, used 394249K [0x0000000080000000, 0x0000000098180000, 0x00000000d5580000)
  object space 394752K, 99% used [0x0000000080000000,0x0000000098102438,0x0000000098180000)
 Metaspace       used 59199K, committed 60672K, reserved 1114112K
  class space    used 6405K, committed 7040K, reserved 1048576K
}
Event: 11.808 GC heap after
{Heap after GC invocations=292 (full 3):
 PSYoungGen      total 1536K, used 256K [0x00000000d5580000, 0x00000000d5800000, 0x0000000100000000)
  eden space 1024K, 0% used [0x00000000d5580000,0x00000000d5580000,0x00000000d5680000)
  from space 512K, 50% used [0x00000000d5700000,0x00000000d5740000,0x00000000d5780000)
  to   space 512K, 0% used [0x00000000d5780000,0x00000000d5780000,0x00000000d5800000)
 ParOldGen       total 394752K, used 394377K [0x0000000080000000, 0x0000000098180000, 0x00000000d5580000)
  object space 394752K, 99% used [0x0000000080000000,0x0000000098122438,0x0000000098180000)
 Metaspace       used 59199K, committed 60672K, reserved 1114112K
  class space    used 6405K, committed 7040K, reserved 1048576K
}
Event: 11.813 GC heap before
{Heap before GC invocations=293 (full 3):
 PSYoungGen      total 1536K, used 1279K [0x00000000d5580000, 0x00000000d5800000, 0x0000000100000000)
  eden space 1024K, 99% used [0x00000000d5580000,0x00000000d567ff98,0x00000000d5680000)
  from space 512K, 50% used [0x00000000d5700000,0x00000000d5740000,0x00000000d5780000)
  to   space 512K, 0% used [0x00000000d5780000,0x00000000d5780000,0x00000000d5800000)
 ParOldGen       total 394752K, used 394377K [0x0000000080000000, 0x0000000098180000, 0x00000000d5580000)
  object space 394752K, 99% used [0x0000000080000000,0x0000000098122438,0x0000000098180000)
 Metaspace       used 59199K, committed 60672K, reserved 1114112K
  class space    used 6405K, committed 7040K, reserved 1048576K
}
Event: 11.815 GC heap after
{Heap after GC invocations=293 (full 3):
 PSYoungGen      total 1536K, used 256K [0x00000000d5580000, 0x00000000d5800000, 0x0000000100000000)
  eden space 1024K, 0% used [0x00000000d5580000,0x00000000d5580000,0x00000000d5680000)
  from space 512K, 50% used [0x00000000d5780000,0x00000000d57c0000,0x00000000d5800000)
  to   space 512K, 0% used [0x00000000d5700000,0x00000000d5700000,0x00000000d5780000)
 ParOldGen       total 394752K, used 394505K [0x0000000080000000, 0x0000000098180000, 0x00000000d5580000)
  object space 394752K, 99% used [0x0000000080000000,0x0000000098142438,0x0000000098180000)
 Metaspace       used 59199K, committed 60672K, reserved 1114112K
  class space    used 6405K, committed 7040K, reserved 1048576K
}
Event: 11.819 GC heap before
{Heap before GC invocations=294 (full 3):
 PSYoungGen      total 1536K, used 1268K [0x00000000d5580000, 0x00000000d5800000, 0x0000000100000000)
  eden space 1024K, 98% used [0x00000000d5580000,0x00000000d567d058,0x00000000d5680000)
  from space 512K, 50% used [0x00000000d5780000,0x00000000d57c0000,0x00000000d5800000)
  to   space 512K, 0% used [0x00000000d5700000,0x00000000d5700000,0x00000000d5780000)
 ParOldGen       total 394752K, used 394505K [0x0000000080000000, 0x0000000098180000, 0x00000000d5580000)
  object space 394752K, 99% used [0x0000000080000000,0x0000000098142438,0x0000000098180000)
 Metaspace       used 59199K, committed 60672K, reserved 1114112K
  class space    used 6405K, committed 7040K, reserved 1048576K
}
Event: 11.820 GC heap after
{Heap after GC invocations=294 (full 3):
 PSYoungGen      total 1536K, used 256K [0x00000000d5580000, 0x00000000d5800000, 0x0000000100000000)
  eden space 1024K, 0% used [0x00000000d5580000,0x00000000d5580000,0x00000000d5680000)
  from space 512K, 50% used [0x00000000d5700000,0x00000000d5740000,0x00000000d5780000)
  to   space 512K, 0% used [0x00000000d5780000,0x00000000d5780000,0x00000000d5800000)
 ParOldGen       total 394752K, used 394649K [0x0000000080000000, 0x0000000098180000, 0x00000000d5580000)
  object space 394752K, 99% used [0x0000000080000000,0x0000000098166438,0x0000000098180000)
 Metaspace       used 59199K, committed 60672K, reserved 1114112K
  class space    used 6405K, committed 7040K, reserved 1048576K
}
Event: 12.825 GC heap before
{Heap before GC invocations=295 (full 3):
 PSYoungGen      total 1536K, used 1278K [0x00000000d5580000, 0x00000000d5800000, 0x0000000100000000)
  eden space 1024K, 99% used [0x00000000d5580000,0x00000000d567f8d0,0x00000000d5680000)
  from space 512K, 50% used [0x00000000d5700000,0x00000000d5740000,0x00000000d5780000)
  to   space 512K, 0% used [0x00000000d5780000,0x00000000d5780000,0x00000000d5800000)
 ParOldGen       total 394752K, used 394649K [0x0000000080000000, 0x0000000098180000, 0x00000000d5580000)
  object space 394752K, 99% used [0x0000000080000000,0x0000000098166438,0x0000000098180000)
 Metaspace       used 59200K, committed 60672K, reserved 1114112K
  class space    used 6405K, committed 7040K, reserved 1048576K
}
Event: 13.832 GC heap after
{Heap after GC invocations=295 (full 3):
 PSYoungGen      total 1536K, used 480K [0x00000000d5580000, 0x00000000d5880000, 0x0000000100000000)
  eden space 1024K, 0% used [0x00000000d5580000,0x00000000d5580000,0x00000000d5680000)
  from space 512K, 93% used [0x00000000d5780000,0x00000000d57f8000,0x00000000d5800000)
  to   space 1024K, 0% used [0x00000000d5680000,0x00000000d5680000,0x00000000d5780000)
 ParOldGen       total 395264K, used 394777K [0x0000000080000000, 0x0000000098200000, 0x00000000d5580000)
  object space 395264K, 99% used [0x0000000080000000,0x0000000098186438,0x0000000098200000)
 Metaspace       used 59200K, committed 60672K, reserved 1114112K
  class space    used 6405K, committed 7040K, reserved 1048576K
}

Dll operation events (10 events):
Event: 0.008 Loaded shared library c:\Users\imax.computer\.vscode\extensions\redhat.java-1.53.0-win32-x64\jre\21.0.10-win32-x86_64\bin\java.dll
Event: 0.061 Loaded shared library c:\Users\imax.computer\.vscode\extensions\redhat.java-1.53.0-win32-x64\jre\21.0.10-win32-x86_64\bin\zip.dll
Event: 0.077 Loaded shared library C:\Users\imax.computer\.vscode\extensions\redhat.java-1.53.0-win32-x64\jre\21.0.10-win32-x86_64\bin\instrument.dll
Event: 0.081 Loaded shared library C:\Users\imax.computer\.vscode\extensions\redhat.java-1.53.0-win32-x64\jre\21.0.10-win32-x86_64\bin\net.dll
Event: 0.083 Loaded shared library C:\Users\imax.computer\.vscode\extensions\redhat.java-1.53.0-win32-x64\jre\21.0.10-win32-x86_64\bin\nio.dll
Event: 0.085 Loaded shared library C:\Users\imax.computer\.vscode\extensions\redhat.java-1.53.0-win32-x64\jre\21.0.10-win32-x86_64\bin\zip.dll
Event: 0.098 Loaded shared library C:\Users\imax.computer\.vscode\extensions\redhat.java-1.53.0-win32-x64\jre\21.0.10-win32-x86_64\bin\jimage.dll
Event: 0.142 Loaded shared library c:\Users\imax.computer\.vscode\extensions\redhat.java-1.53.0-win32-x64\jre\21.0.10-win32-x86_64\bin\verify.dll
Event: 0.914 Loaded shared library C:\Users\imax.computer\AppData\Roaming\Code\User\globalStorage\redhat.java\1.53.0\config_win\org.eclipse.equinox.launcher\org.eclipse.equinox.launcher.win32.win32.x86_64_1.3.0.v20260203-2149\eclipse_11919.dll
Event: 2.089 Loaded shared library C:\Users\imax.computer\AppData\Local\Temp\jna--2012526770\jna3866689722504670810.dll

Deoptimization events (20 events):
Event: 11.655 Thread 0x0000021105769e60 DEOPT PACKING pc=0x000002112d127b08 sp=0x000000f9d7cff0f0
Event: 11.655 Thread 0x0000021105769e60 DEOPT UNPACKING pc=0x000002112c7e6da2 sp=0x000000f9d7cff098 mode 2
Event: 11.656 Thread 0x0000021105769e60 Uncommon trap: trap_request=0xffffffbe fr.pc=0x000002112d127b08 relative=0x00000000000006e8
Event: 11.656 Thread 0x0000021105769e60 Uncommon trap: reason=profile_predicate action=maybe_recompile pc=0x000002112d127b08 method=org.eclipse.jdt.internal.compiler.util.SimpleLookupTable.put(Ljava/lang/Object;Ljava/lang/Object;)Ljava/lang/Object; @ 61 c2
Event: 11.656 Thread 0x0000021105769e60 DEOPT PACKING pc=0x000002112d127b08 sp=0x000000f9d7cff0c0
Event: 11.656 Thread 0x0000021105769e60 DEOPT UNPACKING pc=0x000002112c7e6da2 sp=0x000000f9d7cff068 mode 2
Event: 11.673 Thread 0x0000021105769e60 Uncommon trap: trap_request=0xffffffbe fr.pc=0x000002112d127b08 relative=0x00000000000006e8
Event: 11.673 Thread 0x0000021105769e60 Uncommon trap: reason=profile_predicate action=maybe_recompile pc=0x000002112d127b08 method=org.eclipse.jdt.internal.compiler.util.SimpleLookupTable.put(Ljava/lang/Object;Ljava/lang/Object;)Ljava/lang/Object; @ 61 c2
Event: 11.673 Thread 0x0000021105769e60 DEOPT PACKING pc=0x000002112d127b08 sp=0x000000f9d7cff0f0
Event: 11.673 Thread 0x0000021105769e60 DEOPT UNPACKING pc=0x000002112c7e6da2 sp=0x000000f9d7cff098 mode 2
Event: 11.746 Thread 0x0000021105769e60 DEOPT PACKING pc=0x00000211254ddd6f sp=0x000000f9d7cfec60
Event: 11.746 Thread 0x0000021105769e60 DEOPT UNPACKING pc=0x000002112c7e78e2 sp=0x000000f9d7cfe0e8 mode 0
Event: 11.746 Thread 0x0000021105769e60 Uncommon trap: trap_request=0xffffff6e fr.pc=0x000002112d326f78 relative=0x0000000000000af8
Event: 11.746 Thread 0x0000021105769e60 Uncommon trap: reason=loop_limit_check action=maybe_recompile pc=0x000002112d326f78 method=org.eclipse.jdt.internal.compiler.util.SimpleLookupTable.rehash()V @ 50 c2
Event: 11.746 Thread 0x0000021105769e60 DEOPT PACKING pc=0x000002112d326f78 sp=0x000000f9d7cff090
Event: 11.746 Thread 0x0000021105769e60 DEOPT UNPACKING pc=0x000002112c7e6da2 sp=0x000000f9d7cff040 mode 2
Event: 11.802 Thread 0x0000021105769e60 DEOPT PACKING pc=0x00000211254ddd6f sp=0x000000f9d7cfedc0
Event: 11.802 Thread 0x0000021105769e60 DEOPT UNPACKING pc=0x000002112c7e78e2 sp=0x000000f9d7cfe248 mode 0
Event: 12.823 Thread 0x0000021105769e60 DEOPT PACKING pc=0x0000021126552ffe sp=0x000000f9d7cfef60
Event: 12.823 Thread 0x0000021105769e60 DEOPT UNPACKING pc=0x000002112c7e78e2 sp=0x000000f9d7cfe458 mode 0

Classes loaded (20 events):
Event: 7.702 Loading class java/util/Collections$SynchronizedList done
Event: 7.702 Loading class java/util/Collections$SynchronizedRandomAccessList done
Event: 7.716 Loading class java/util/concurrent/CompletableFuture$Signaller
Event: 7.716 Loading class java/util/concurrent/CompletableFuture$Signaller done
Event: 7.985 Loading class java/util/Hashtable$KeySet
Event: 7.985 Loading class java/util/Hashtable$KeySet done
Event: 8.183 Loading class java/lang/invoke/MethodHandleImpl$CountingWrapper$1
Event: 8.183 Loading class java/lang/invoke/MethodHandleImpl$CountingWrapper$1 done
Event: 9.160 Loading class java/util/stream/ReduceOps$5
Event: 9.161 Loading class java/util/stream/ReduceOps$5 done
Event: 9.161 Loading class java/util/stream/ReduceOps$CountingSink$OfRef
Event: 9.161 Loading class java/util/stream/ReduceOps$CountingSink
Event: 9.161 Loading class java/util/stream/ReduceOps$CountingSink done
Event: 9.161 Loading class java/util/stream/ReduceOps$CountingSink$OfRef done
Event: 9.212 Loading class java/util/stream/ReduceOps$1
Event: 9.212 Loading class java/util/stream/ReduceOps$1 done
Event: 9.212 Loading class java/util/stream/ReduceOps$1ReducingSink
Event: 9.213 Loading class java/util/stream/ReduceOps$1ReducingSink done
Event: 11.630 Loading class sun/nio/fs/WindowsFileCopy
Event: 11.632 Loading class sun/nio/fs/WindowsFileCopy done

Classes unloaded (8 events):
Event: 2.502 Thread 0x00000211220fe780 Unloading class 0x000002113a1aac00 'java/lang/invoke/LambdaForm$MH+0x000002113a1aac00'
Event: 2.502 Thread 0x00000211220fe780 Unloading class 0x000002113a1aa800 'java/lang/invoke/LambdaForm$MH+0x000002113a1aa800'
Event: 2.502 Thread 0x00000211220fe780 Unloading class 0x000002113a1aa400 'java/lang/invoke/LambdaForm$MH+0x000002113a1aa400'
Event: 2.502 Thread 0x00000211220fe780 Unloading class 0x000002113a1aa000 'java/lang/invoke/LambdaForm$MH+0x000002113a1aa000'
Event: 2.502 Thread 0x00000211220fe780 Unloading class 0x000002113a1a9c00 'java/lang/invoke/LambdaForm$BMH+0x000002113a1a9c00'
Event: 2.502 Thread 0x00000211220fe780 Unloading class 0x000002113a1a9800 'java/lang/invoke/LambdaForm$DMH+0x000002113a1a9800'
Event: 2.502 Thread 0x00000211220fe780 Unloading class 0x000002113a1a8400 'java/lang/invoke/LambdaForm$DMH+0x000002113a1a8400'
Event: 7.849 Thread 0x00000211220fe780 Unloading class 0x000002113a67c800 'java/lang/invoke/LambdaForm$DMH+0x000002113a67c800'

Classes redefined (0 events):
No events

Internal exceptions (20 events):
Event: 7.733 Thread 0x000002110576cc50 Exception <a 'java/lang/IncompatibleClassChangeError'{0x00000000d57c3ac8}: Found class java.lang.Object, but interface was expected> (0x00000000d57c3ac8) 
thrown [s\src\hotspot\share\interpreter\linkResolver.cpp, line 840]
Event: 8.003 Thread 0x0000021105768420 Exception <a 'sun/nio/fs/WindowsException'{0x00000000d583bd48}> (0x00000000d583bd48) 
thrown [s\src\hotspot\share\prims\jni.cpp, line 520]
Event: 8.004 Thread 0x0000021105768420 Exception <a 'sun/nio/fs/WindowsException'{0x00000000d583c378}> (0x00000000d583c378) 
thrown [s\src\hotspot\share\prims\jni.cpp, line 520]
Event: 8.004 Thread 0x0000021105768420 Exception <a 'sun/nio/fs/WindowsException'{0x00000000d583d130}> (0x00000000d583d130) 
thrown [s\src\hotspot\share\prims\jni.cpp, line 520]
Event: 8.004 Thread 0x0000021105768420 Exception <a 'sun/nio/fs/WindowsException'{0x00000000d583d760}> (0x00000000d583d760) 
thrown [s\src\hotspot\share\prims\jni.cpp, line 520]
Event: 8.007 Thread 0x0000021105768420 Exception <a 'java/io/FileNotFoundException'{0x00000000d5982250}> (0x00000000d5982250) 
thrown [s\src\hotspot\share\prims\jni.cpp, line 520]
Event: 8.007 Thread 0x0000021105768420 Exception <a 'java/io/FileNotFoundException'{0x00000000d5983010}> (0x00000000d5983010) 
thrown [s\src\hotspot\share\prims\jni.cpp, line 520]
Event: 8.011 Thread 0x0000021105768420 Exception <a 'sun/nio/fs/WindowsException'{0x00000000d5b7ea58}> (0x00000000d5b7ea58) 
thrown [s\src\hotspot\share\prims\jni.cpp, line 520]
Event: 8.011 Thread 0x0000021105768420 Exception <a 'sun/nio/fs/WindowsException'{0x00000000d5bc8910}> (0x00000000d5bc8910) 
thrown [s\src\hotspot\share\prims\jni.cpp, line 520]
Event: 8.029 Thread 0x0000021105768420 Exception <a 'sun/nio/fs/WindowsException'{0x00000000d5754248}> (0x00000000d5754248) 
thrown [s\src\hotspot\share\prims\jni.cpp, line 520]
Event: 8.029 Thread 0x0000021105768420 Exception <a 'sun/nio/fs/WindowsException'{0x00000000d5754878}> (0x00000000d5754878) 
thrown [s\src\hotspot\share\prims\jni.cpp, line 520]
Event: 8.467 Thread 0x0000021105768420 Implicit null exception at 0x000002112cdb1a21 to 0x000002112cdb1d34
Event: 8.721 Thread 0x0000021105768420 Implicit null exception at 0x000002112cf9cd06 to 0x000002112cf9ce31
Event: 8.760 Thread 0x0000021105768420 Implicit null exception at 0x000002112cf9d286 to 0x000002112cf9d390
Event: 9.163 Thread 0x0000021105768420 Exception <a 'sun/nio/fs/WindowsException'{0x00000000d5582650}> (0x00000000d5582650) 
thrown [s\src\hotspot\share\prims\jni.cpp, line 520]
Event: 9.163 Thread 0x0000021105768420 Exception <a 'sun/nio/fs/WindowsException'{0x00000000d5582c80}> (0x00000000d5582c80) 
thrown [s\src\hotspot\share\prims\jni.cpp, line 520]
Event: 11.632 Thread 0x0000021105769e60 Exception <a 'sun/nio/fs/WindowsException'{0x00000000d5660970}> (0x00000000d5660970) 
thrown [s\src\hotspot\share\prims\jni.cpp, line 520]
Event: 11.654 Thread 0x0000021105769e60 Exception <a 'sun/nio/fs/WindowsException'{0x00000000d5594658}> (0x00000000d5594658) 
thrown [s\src\hotspot\share\prims\jni.cpp, line 520]
Event: 11.672 Thread 0x0000021105769e60 Exception <a 'sun/nio/fs/WindowsException'{0x00000000d55ab080}> (0x00000000d55ab080) 
thrown [s\src\hotspot\share\prims\jni.cpp, line 520]
Event: 11.689 Thread 0x0000021105769e60 Exception <a 'sun/nio/fs/WindowsException'{0x00000000d55c1478}> (0x00000000d55c1478) 
thrown [s\src\hotspot\share\prims\jni.cpp, line 520]

ZGC Phase Switch (0 events):
No events

VM Operations (20 events):
Event: 11.752 Executing safepoint VM operation: ParallelGCFailedAllocation (Allocation Failure)
Event: 11.754 Executing safepoint VM operation: ParallelGCFailedAllocation (Allocation Failure) done
Event: 11.760 Executing safepoint VM operation: ParallelGCFailedAllocation (Allocation Failure)
Event: 11.762 Executing safepoint VM operation: ParallelGCFailedAllocation (Allocation Failure) done
Event: 11.769 Executing safepoint VM operation: ParallelGCFailedAllocation (Allocation Failure)
Event: 11.771 Executing safepoint VM operation: ParallelGCFailedAllocation (Allocation Failure) done
Event: 11.791 Executing safepoint VM operation: ParallelGCFailedAllocation (Allocation Failure)
Event: 11.792 Executing safepoint VM operation: ParallelGCFailedAllocation (Allocation Failure) done
Event: 11.799 Executing safepoint VM operation: ParallelGCFailedAllocation (Allocation Failure)
Event: 11.801 Executing safepoint VM operation: ParallelGCFailedAllocation (Allocation Failure) done
Event: 11.807 Executing safepoint VM operation: ParallelGCFailedAllocation (Allocation Failure)
Event: 11.808 Executing safepoint VM operation: ParallelGCFailedAllocation (Allocation Failure) done
Event: 11.813 Executing safepoint VM operation: ParallelGCFailedAllocation (Allocation Failure)
Event: 11.815 Executing safepoint VM operation: ParallelGCFailedAllocation (Allocation Failure) done
Event: 11.819 Executing safepoint VM operation: ParallelGCFailedAllocation (Allocation Failure)
Event: 11.820 Executing safepoint VM operation: ParallelGCFailedAllocation (Allocation Failure) done
Event: 12.825 Executing safepoint VM operation: ParallelGCFailedAllocation (Allocation Failure)
Event: 13.832 Executing safepoint VM operation: ParallelGCFailedAllocation (Allocation Failure) done
Event: 14.848 Executing safepoint VM operation: Cleanup
Event: 14.848 Executing safepoint VM operation: Cleanup done

Memory protections (0 events):
No events

Nmethod flushes (20 events):
Event: 7.868 Thread 0x00000211220fe780 flushing  nmethod 0x0000021125a18e10
Event: 7.868 Thread 0x00000211220fe780 flushing  nmethod 0x0000021125a1b410
Event: 7.868 Thread 0x00000211220fe780 flushing  nmethod 0x0000021125a21e90
Event: 7.868 Thread 0x00000211220fe780 flushing  nmethod 0x0000021125a3c190
Event: 7.868 Thread 0x00000211220fe780 flushing  nmethod 0x0000021125ab9910
Event: 7.868 Thread 0x00000211220fe780 flushing  nmethod 0x0000021125abc790
Event: 7.868 Thread 0x00000211220fe780 flushing  nmethod 0x0000021125accd10
Event: 7.868 Thread 0x00000211220fe780 flushing  nmethod 0x0000021125ad7690
Event: 7.868 Thread 0x00000211220fe780 flushing  nmethod 0x0000021125ad8890
Event: 7.868 Thread 0x00000211220fe780 flushing  nmethod 0x0000021125adbd90
Event: 7.868 Thread 0x00000211220fe780 flushing osr nmethod 0x0000021125aed710
Event: 7.868 Thread 0x00000211220fe780 flushing  nmethod 0x0000021125b1b190
Event: 7.868 Thread 0x00000211220fe780 flushing  nmethod 0x0000021125b2fb10
Event: 7.868 Thread 0x00000211220fe780 flushing  nmethod 0x0000021125b31690
Event: 7.868 Thread 0x00000211220fe780 flushing  nmethod 0x0000021125b31c90
Event: 7.868 Thread 0x00000211220fe780 flushing  nmethod 0x0000021125b32510
Event: 7.868 Thread 0x00000211220fe780 flushing  nmethod 0x0000021125b32f90
Event: 7.868 Thread 0x00000211220fe780 flushing  nmethod 0x0000021125b37010
Event: 7.868 Thread 0x00000211220fe780 flushing  nmethod 0x0000021125b8d110
Event: 7.868 Thread 0x00000211220fe780 flushing  nmethod 0x0000021125badc90

Events (20 events):
Event: 6.926 Thread 0x00000211057f8b70 Thread exited: 0x00000211057f8b70
Event: 6.926 Thread 0x00000211057f77c0 Thread exited: 0x00000211057f77c0
Event: 6.926 Thread 0x00000211057f7e50 Thread exited: 0x00000211057f7e50
Event: 7.270 Thread 0x0000021105638750 Thread added: 0x00000211057f8b70
Event: 7.270 Thread 0x0000021105638750 Thread added: 0x00000211057f9200
Event: 7.271 Thread 0x0000021105638750 Thread added: 0x00000211057f9890
Event: 7.271 Thread 0x0000021105638750 Thread added: 0x00000211057f77c0
Event: 7.271 Thread 0x0000021105638750 Thread added: 0x00000211057f6aa0
Event: 7.309 Thread 0x00000211057f9200 Thread exited: 0x00000211057f9200
Event: 7.309 Thread 0x00000211057f9890 Thread exited: 0x00000211057f9890
Event: 7.309 Thread 0x00000211057f8b70 Thread exited: 0x00000211057f8b70
Event: 7.309 Thread 0x00000211057f6aa0 Thread exited: 0x00000211057f6aa0
Event: 7.309 Thread 0x00000211057f77c0 Thread exited: 0x00000211057f77c0
Event: 9.346 Thread 0x00000211081f5770 Thread exited: 0x00000211081f5770
Event: 9.403 Thread 0x00000211055cd950 Thread exited: 0x00000211055cd950
Event: 9.589 Thread 0x0000021121ff3f70 Thread added: 0x00000211126af890
Event: 9.806 Thread 0x00000211126af890 Thread exited: 0x00000211126af890
Event: 10.190 Thread 0x0000021121ff4e70 Thread added: 0x0000021110e0b460
Event: 11.147 Thread 0x0000021110e0b460 Thread exited: 0x0000021110e0b460
Event: 11.739 Thread 0x0000021121ff4e70 Thread added: 0x0000021110e0b460


Dynamic libraries:
0x00007ff7adba0000 - 0x00007ff7adbae000 	c:\Users\imax.computer\.vscode\extensions\redhat.java-1.53.0-win32-x64\jre\21.0.10-win32-x86_64\bin\java.exe
0x00007ff9127e0000 - 0x00007ff912a48000 	C:\WINDOWS\SYSTEM32\ntdll.dll
0x00007ff911030000 - 0x00007ff9110f9000 	C:\WINDOWS\System32\KERNEL32.DLL
0x00007ff90fbe0000 - 0x00007ff90ffd1000 	C:\WINDOWS\System32\KERNELBASE.dll
0x00007ff910250000 - 0x00007ff91039b000 	C:\WINDOWS\System32\ucrtbase.dll
0x00007ff8f1d00000 - 0x00007ff8f1d18000 	c:\Users\imax.computer\.vscode\extensions\redhat.java-1.53.0-win32-x64\jre\21.0.10-win32-x86_64\bin\jli.dll
0x00007ff8e1f80000 - 0x00007ff8e1f9e000 	c:\Users\imax.computer\.vscode\extensions\redhat.java-1.53.0-win32-x64\jre\21.0.10-win32-x86_64\bin\VCRUNTIME140.dll
0x00007ff911a10000 - 0x00007ff911bd6000 	C:\WINDOWS\System32\USER32.dll
0x00007ff8f5bb0000 - 0x00007ff8f5e43000 	C:\WINDOWS\WinSxS\amd64_microsoft.windows.common-controls_6595b64144ccf1df_6.0.26100.7824_none_3e0870b2e3345462\COMCTL32.dll
0x00007ff910220000 - 0x00007ff910247000 	C:\WINDOWS\System32\win32u.dll
0x00007ff910ee0000 - 0x00007ff910f0b000 	C:\WINDOWS\System32\GDI32.dll
0x00007ff911960000 - 0x00007ff911a09000 	C:\WINDOWS\System32\msvcrt.dll
0x00007ff9103a0000 - 0x00007ff9104cb000 	C:\WINDOWS\System32\gdi32full.dll
0x00007ff9104d0000 - 0x00007ff910573000 	C:\WINDOWS\System32\msvcp_win.dll
0x00007ff910580000 - 0x00007ff9105b1000 	C:\WINDOWS\System32\IMM32.DLL
0x00007ff904d80000 - 0x00007ff904d8c000 	c:\Users\imax.computer\.vscode\extensions\redhat.java-1.53.0-win32-x64\jre\21.0.10-win32-x86_64\bin\vcruntime140_1.dll
0x00007ff8bc590000 - 0x00007ff8bc61d000 	c:\Users\imax.computer\.vscode\extensions\redhat.java-1.53.0-win32-x64\jre\21.0.10-win32-x86_64\bin\msvcp140.dll
0x00007ff845c00000 - 0x00007ff8469a1000 	c:\Users\imax.computer\.vscode\extensions\redhat.java-1.53.0-win32-x64\jre\21.0.10-win32-x86_64\bin\server\jvm.dll
0x00007ff910c50000 - 0x00007ff910d04000 	C:\WINDOWS\System32\ADVAPI32.dll
0x00007ff910b20000 - 0x00007ff910bc6000 	C:\WINDOWS\System32\sechost.dll
0x00007ff910f10000 - 0x00007ff911028000 	C:\WINDOWS\System32\RPCRT4.dll
0x00007ff911be0000 - 0x00007ff911c54000 	C:\WINDOWS\System32\WS2_32.dll
0x00007ff90ef40000 - 0x00007ff90ef9e000 	C:\WINDOWS\SYSTEM32\POWRPROF.dll
0x00007ff8f1c10000 - 0x00007ff8f1c45000 	C:\WINDOWS\SYSTEM32\WINMM.dll
0x00007ff8fad50000 - 0x00007ff8fad5b000 	C:\WINDOWS\SYSTEM32\VERSION.dll
0x00007ff90ef20000 - 0x00007ff90ef34000 	C:\WINDOWS\SYSTEM32\UMPDC.dll
0x00007ff90de20000 - 0x00007ff90de3b000 	C:\WINDOWS\SYSTEM32\kernel.appcore.dll
0x00007ff8fa470000 - 0x00007ff8fa47a000 	c:\Users\imax.computer\.vscode\extensions\redhat.java-1.53.0-win32-x64\jre\21.0.10-win32-x86_64\bin\jimage.dll
0x00007ff90cfe0000 - 0x00007ff90d222000 	C:\WINDOWS\SYSTEM32\DBGHELP.DLL
0x00007ff912200000 - 0x00007ff912586000 	C:\WINDOWS\System32\combase.dll
0x00007ff910e00000 - 0x00007ff910ed7000 	C:\WINDOWS\System32\OLEAUT32.dll
0x00007ff8eed00000 - 0x00007ff8eed3b000 	C:\WINDOWS\SYSTEM32\dbgcore.DLL
0x00007ff90f9c0000 - 0x00007ff90fa65000 	C:\WINDOWS\System32\bcryptPrimitives.dll
0x00007ff8f6f20000 - 0x00007ff8f6f2f000 	c:\Users\imax.computer\.vscode\extensions\redhat.java-1.53.0-win32-x64\jre\21.0.10-win32-x86_64\bin\instrument.dll
0x00007ff8e1f60000 - 0x00007ff8e1f80000 	c:\Users\imax.computer\.vscode\extensions\redhat.java-1.53.0-win32-x64\jre\21.0.10-win32-x86_64\bin\java.dll
0x00007ff911100000 - 0x00007ff911852000 	C:\WINDOWS\System32\SHELL32.dll
0x00007ff90fa70000 - 0x00007ff90fbda000 	C:\WINDOWS\System32\wintypes.dll
0x00007ff90f150000 - 0x00007ff90f9b3000 	C:\WINDOWS\System32\windows.storage.dll
0x00007ff911860000 - 0x00007ff911956000 	C:\WINDOWS\System32\SHCORE.dll
0x00007ff910bd0000 - 0x00007ff910c37000 	C:\WINDOWS\System32\shlwapi.dll
0x00007ff90efe0000 - 0x00007ff90f009000 	C:\WINDOWS\SYSTEM32\profapi.dll
0x00007ff8d8950000 - 0x00007ff8d8968000 	c:\Users\imax.computer\.vscode\extensions\redhat.java-1.53.0-win32-x64\jre\21.0.10-win32-x86_64\bin\zip.dll
0x00007ff8f67e0000 - 0x00007ff8f67f0000 	C:\Users\imax.computer\.vscode\extensions\redhat.java-1.53.0-win32-x64\jre\21.0.10-win32-x86_64\bin\net.dll
0x00007ff905050000 - 0x00007ff905177000 	C:\WINDOWS\SYSTEM32\WINHTTP.dll
0x00007ff90e370000 - 0x00007ff90e3db000 	C:\WINDOWS\system32\mswsock.dll
0x00007ff8d8930000 - 0x00007ff8d8946000 	C:\Users\imax.computer\.vscode\extensions\redhat.java-1.53.0-win32-x64\jre\21.0.10-win32-x86_64\bin\nio.dll
0x00007ff8f62d0000 - 0x00007ff8f62e0000 	c:\Users\imax.computer\.vscode\extensions\redhat.java-1.53.0-win32-x64\jre\21.0.10-win32-x86_64\bin\verify.dll
0x00007ff8d8350000 - 0x00007ff8d8395000 	C:\Users\imax.computer\AppData\Roaming\Code\User\globalStorage\redhat.java\1.53.0\config_win\org.eclipse.equinox.launcher\org.eclipse.equinox.launcher.win32.win32.x86_64_1.3.0.v20260203-2149\eclipse_11919.dll
0x00007ff912060000 - 0x00007ff9121f7000 	C:\WINDOWS\System32\ole32.dll
0x00007ff90e760000 - 0x00007ff90e77b000 	C:\WINDOWS\SYSTEM32\CRYPTSP.dll
0x00007ff90dd80000 - 0x00007ff90ddb9000 	C:\WINDOWS\system32\rsaenh.dll
0x00007ff90e420000 - 0x00007ff90e44b000 	C:\WINDOWS\SYSTEM32\USERENV.dll
0x00007ff90efb0000 - 0x00007ff90efda000 	C:\WINDOWS\SYSTEM32\bcrypt.dll
0x00007ff90e5c0000 - 0x00007ff90e5cc000 	C:\WINDOWS\SYSTEM32\CRYPTBASE.dll
0x00007ff90d820000 - 0x00007ff90d854000 	C:\WINDOWS\SYSTEM32\IPHLPAPI.DLL
0x00007ff911e40000 - 0x00007ff911e4a000 	C:\WINDOWS\System32\NSI.dll
0x00007ff897f70000 - 0x00007ff897fb9000 	C:\Users\imax.computer\AppData\Local\Temp\jna--2012526770\jna3866689722504670810.dll
0x00007ff910c40000 - 0x00007ff910c48000 	C:\WINDOWS\System32\PSAPI.DLL
0x00007ff907570000 - 0x00007ff90758e000 	C:\WINDOWS\SYSTEM32\dhcpcsvc6.DLL
0x00007ff907320000 - 0x00007ff907343000 	C:\WINDOWS\SYSTEM32\dhcpcsvc.DLL

JVMTI agents:
c:\Users\imax.computer\.vscode\extensions\redhat.java-1.53.0-win32-x64\lombok\lombok-1.18.39-4050.jar path:c:\Users\imax.computer\.vscode\extensions\redhat.java-1.53.0-win32-x64\jre\21.0.10-win32-x86_64\bin\instrument.dll, loaded, initialized, instrumentlib options:none

dbghelp: loaded successfully - version: 4.0.5 - missing functions: none
symbol engine: initialized successfully - sym options: 0x614 - pdb path: .;c:\Users\imax.computer\.vscode\extensions\redhat.java-1.53.0-win32-x64\jre\21.0.10-win32-x86_64\bin;C:\WINDOWS\SYSTEM32;C:\WINDOWS\WinSxS\amd64_microsoft.windows.common-controls_6595b64144ccf1df_6.0.26100.7824_none_3e0870b2e3345462;c:\Users\imax.computer\.vscode\extensions\redhat.java-1.53.0-win32-x64\jre\21.0.10-win32-x86_64\bin\server;C:\Users\imax.computer\AppData\Roaming\Code\User\globalStorage\redhat.java\1.53.0\config_win\org.eclipse.equinox.launcher\org.eclipse.equinox.launcher.win32.win32.x86_64_1.3.0.v20260203-2149;C:\Users\imax.computer\AppData\Local\Temp\jna--2012526770

VM Arguments:
jvm_args: --add-modules=ALL-SYSTEM --add-opens=java.base/java.util=ALL-UNNAMED --add-opens=java.base/java.lang=ALL-UNNAMED --add-opens=java.base/sun.nio.fs=ALL-UNNAMED -Declipse.application=org.eclipse.jdt.ls.core.id1 -Dosgi.bundles.defaultStartLevel=4 -Declipse.product=org.eclipse.jdt.ls.core.product -Djava.import.generatesMetadataFilesAtProjectRoot=false -DDetectVMInstallationsJob.disabled=true -Dfile.encoding=utf8 -XX:+UseParallelGC -XX:GCTimeRatio=4 -XX:AdaptiveSizePolicyWeight=90 -Dsun.zip.disableMemoryMapping=true -Xmx2G -Xms100m -Xlog:disable -javaagent:c:\Users\imax.computer\.vscode\extensions\redhat.java-1.53.0-win32-x64\lombok\lombok-1.18.39-4050.jar -XX:+HeapDumpOnOutOfMemoryError -XX:HeapDumpPath=c:\Users\imax.computer\AppData\Roaming\Code\User\workspaceStorage\d839875b6866bb6e4dafb985b2f5c557\redhat.java -Daether.dependencyCollector.impl=bf 
java_command: c:\Users\imax.computer\.vscode\extensions\redhat.java-1.53.0-win32-x64\server\plugins\org.eclipse.equinox.launcher_1.7.100.v20251111-0406.jar -configuration c:\Users\imax.computer\AppData\Roaming\Code\User\globalStorage\redhat.java\1.53.0\config_win -data c:\Users\imax.computer\AppData\Roaming\Code\User\workspaceStorage\d839875b6866bb6e4dafb985b2f5c557\redhat.java\jdt_ws --pipe=\\.\pipe\lsp-b76c1ad8dfce0141c1778d041cea650d-sock
java_class_path (initial): c:\Users\imax.computer\.vscode\extensions\redhat.java-1.53.0-win32-x64\server\plugins\org.eclipse.equinox.launcher_1.7.100.v20251111-0406.jar
Launcher Type: SUN_STANDARD

[Global flags]
    uintx AdaptiveSizePolicyWeight                 = 90                                        {product} {command line}
     intx CICompilerCount                          = 4                                         {product} {ergonomic}
    uintx GCTimeRatio                              = 4                                         {product} {command line}
     bool HeapDumpOnOutOfMemoryError               = true                                   {manageable} {command line}
    ccstr HeapDumpPath                             = c:\Users\imax.computer\AppData\Roaming\Code\User\workspaceStorage\d839875b6866bb6e4dafb985b2f5c557\redhat.java         {manageable} {command line}
   size_t InitialHeapSize                          = 104857600                                 {product} {command line}
   size_t MaxHeapSize                              = 2147483648                                {product} {command line}
   size_t MaxNewSize                               = 715653120                                 {product} {ergonomic}
   size_t MinHeapDeltaBytes                        = 524288                                    {product} {ergonomic}
   size_t MinHeapSize                              = 104857600                                 {product} {command line}
   size_t NewSize                                  = 34603008                                  {product} {ergonomic}
    uintx NonNMethodCodeHeapSize                   = 5839372                                {pd product} {ergonomic}
    uintx NonProfiledCodeHeapSize                  = 122909434                              {pd product} {ergonomic}
   size_t OldSize                                  = 70254592                                  {product} {ergonomic}
    uintx ProfiledCodeHeapSize                     = 122909434                              {pd product} {ergonomic}
    uintx ReservedCodeCacheSize                    = 251658240                              {pd product} {ergonomic}
     bool SegmentedCodeCache                       = true                                      {product} {ergonomic}
   size_t SoftMaxHeapSize                          = 2147483648                             {manageable} {ergonomic}
     bool UseCompressedOops                        = true                           {product lp64_product} {ergonomic}
     bool UseLargePagesIndividualAllocation        = false                                  {pd product} {ergonomic}
     bool UseParallelGC                            = true                                      {product} {command line}

Logging:
Log output configuration:
 #0: stdout all=off uptime,level,tags foldmultilines=false
 #1: stderr all=off uptime,level,tags foldmultilines=false

Release file:
JAVA_VERSION="21.0.10" 
MODULES="java.base java.compiler java.datatransfer java.xml java.prefs java.desktop java.instrument java.logging java.management java.security.sasl java.naming java.rmi java.management.rmi java.net.http java.scripting java.security.jgss java.transaction.xa java.sql java.sql.rowset java.xml.crypto java.se java.smartcardio jdk.accessibility jdk.internal.jvmstat jdk.attach jdk.charsets jdk.internal.opt jdk.zipfs jdk.compiler jdk.crypto.ec jdk.crypto.cryptoki jdk.crypto.mscapi jdk.dynalink jdk.internal.ed jdk.editpad jdk.hotspot.agent jdk.httpserver jdk.internal.le jdk.internal.vm.ci jdk.internal.vm.compiler jdk.internal.vm.compiler.management jdk.jartool jdk.javadoc jdk.jcmd jdk.management jdk.management.agent jdk.jconsole jdk.jdeps jdk.jdwp.agent jdk.jdi jdk.jfr jdk.jshell jdk.jsobject jdk.jstatd jdk.localedata jdk.management.jfr jdk.naming.dns jdk.naming.rmi jdk.net jdk.nio.mapmode jdk.random jdk.sctp jdk.security.auth jdk.security.jgss jdk.unsupported jdk.unsupported.desktop jdk.xml.dom" 

Environment Variables:
JAVA_HOME=C:\Program Files\Java\jdk-24
PATH=C:\Program Files\Common Files\Oracle\Java\javapath;C:\Program Files (x86)\Common Files\Oracle\Java\java8path;C:\Program Files (x86)\Common Files\Oracle\Java\javapath;C:\Program Files (x86)\NVIDIA Corporation\PhysX\Common;C:\WINDOWS\system32;C:\WINDOWS;C:\WINDOWS\System32\Wbem;C:\WINDOWS\System32\WindowsPowerShell\v1.0\;C:\WINDOWS\System32\OpenSSH\;C:\Program Files (x86)\dotnet\;C:\Program Files\Microsoft SQL Server\Client SDK\ODBC\170\Tools\Binn\;C:\Program Files (x86)\Microsoft SQL Server\150\Tools\Binn\;C:\Program Files\Microsoft SQL Server\150\Tools\Binn\;C:\Program Files\Microsoft SQL Server\150\DTS\Binn\;C:\Program Files (x86)\Microsoft SQL Server\160\DTS\Binn\;C:\MinGW\bin;C:\Program Files\Git\cmd;C:\Program Files\nodejs\;C:\ProgramData\chocolatey\bin;C:\ProgramData\chocolatey\lib\maven\apache-maven-3.9.11\bin;C:\Program Files\cursor\resources\app\bin;C:\Program Files\Java\jdk-24\bin;C:\Users\imax.computer\AppData\Local\Programs\Python\Python312\Scripts\;C:\Users\imax.computer\AppData\Local\Programs\Python\Python312\;C:\Users\imax.computer\AppData\Local\Programs\Python\Launcher\;C:\Program Files\MySQL\MySQL Shell 8.0\bin\;C:\Users\imax.computer\AppData\Local\Microsoft\WindowsApps;E:\flutter sensor\flutter\bin;C:\Users\imax.computer\AppData\Local\Programs\Microsoft VS Code\bin;C:\MinGW\bin;C:\Program Files\Java\jdk-24;C:\Program Files\Java\jdk-24\bin;C:\Users\imax.computer\AppData\Roaming\npm;C:\ProgramData\chocolatey\lib\maven\apache-maven-3.9.11\bin;C:\Users\imax.computer\AppData\Local\Programs\Windsurf\bin;C:\Users\imax.computer\AppData\Local\GitHubDesktop\bin;E:\Uni\Antigravity\bin
USERNAME=imax.computer
OS=Windows_NT
PROCESSOR_IDENTIFIER=Intel64 Family 6 Model 140 Stepping 1, GenuineIntel
TMP=C:\Users\IMAX~1.COM\AppData\Local\Temp
TEMP=C:\Users\IMAX~1.COM\AppData\Local\Temp




Periodic native trim disabled

---------------  S Y S T E M  ---------------

OS:
 Windows 11 , 64 bit Build 26100 (10.0.26100.7705)
OS uptime: 0 days 16:04 hours
Hyper-V role detected

CPU: total 8 (initial active 8) (4 cores per cpu, 2 threads per core) family 6 model 140 stepping 1 microcode 0x86, cx8, cmov, fxsr, ht, mmx, 3dnowpref, sse, sse2, sse3, ssse3, sse4.1, sse4.2, popcnt, lzcnt, tsc, tscinvbit, avx, avx2, aes, erms, clmul, bmi1, bmi2, adx, avx512f, avx512dq, avx512cd, avx512bw, avx512vl, sha, fma, vzeroupper, avx512_vpopcntdq, avx512_vpclmulqdq, avx512_vaes, avx512_vnni, clflush, clflushopt, clwb, avx512_vbmi2, avx512_vbmi, hv, rdtscp, rdpid, fsrm, gfni, avx512_bitalg, f16c, cet_ibt, cet_ss, avx512_ifma
Processor Information for the first 8 processors :
  Max Mhz: 2419, Current Mhz: 2419, Mhz Limit: 2419

Memory: 4k page, system-wide physical 7874M (490M free)
TotalPageFile size 20418M (AvailPageFile size 3M)
current process WorkingSet (physical memory assigned to process): 576M, peak: 659M
current process commit charge ("private bytes"): 665M, peak: 665M

vm_info: OpenJDK 64-Bit Server VM (21.0.10+7-LTS) for windows-amd64 JRE (21.0.10+7-LTS), built on 2026-01-20T00:00:00Z by "admin" with MS VC++ 17.12 (VS2022)

END.
